// Jest Snapshot v1, https://goo.gl/fbAQLP

exports[`renders demo correctly 1`] = `
<div>
  <div>
    <div class="van-picker van-area">
      <div class="van-hairline--top-bottom van-picker__toolbar"><button class="van-picker__cancel">取消</button>
        <div class="van-ellipsis van-picker__title">标题</div><button class="van-picker__confirm">确认</button>
      </div>
      <!---->
      <div class="van-picker__columns" style="height: 220px;">
        <div class="van-picker-column">
          <ul class="van-picker-column__wrapper" style="transform: translate3d(0, 88px, 0); transition-duration: 0ms; transition-property: none; line-height: 44px;">
            <li role="button" tabindex="0" class="van-ellipsis van-picker-column__item van-picker-column__item--selected" style="height: 44px;">请选择</li>
            <li role="button" tabindex="0" class="van-ellipsis van-picker-column__item" style="height: 44px;">北京市</li>
            <li role="button" tabindex="0" class="van-ellipsis van-picker-column__item" style="height: 44px;">天津市</li>
            <li role="button" tabindex="0" class="van-ellipsis van-picker-column__item" style="height: 44px;">河北省</li>
            <li role="button" tabindex="0" class="van-ellipsis van-picker-column__item" style="height: 44px;">山西省</li>
            <li role="button" tabindex="0" class="van-ellipsis van-picker-column__item" style="height: 44px;">内蒙古自治区</li>
            <li role="button" tabindex="0" class="van-ellipsis van-picker-column__item" style="height: 44px;">辽宁省</li>
            <li role="button" tabindex="0" class="van-ellipsis van-picker-column__item" style="height: 44px;">吉林省</li>
            <li role="button" tabindex="0" class="van-ellipsis van-picker-column__item" style="height: 44px;">黑龙江省</li>
            <li role="button" tabindex="0" class="van-ellipsis van-picker-column__item" style="height: 44px;">上海市</li>
            <li role="button" tabindex="0" class="van-ellipsis van-picker-column__item" style="height: 44px;">江苏省</li>
            <li role="button" tabindex="0" class="van-ellipsis van-picker-column__item" style="height: 44px;">浙江省</li>
            <li role="button" tabindex="0" class="van-ellipsis van-picker-column__item" style="height: 44px;">安徽省</li>
            <li role="button" tabindex="0" class="van-ellipsis van-picker-column__item" style="height: 44px;">福建省</li>
            <li role="button" tabindex="0" class="van-ellipsis van-picker-column__item" style="height: 44px;">江西省</li>
            <li role="button" tabindex="0" class="van-ellipsis van-picker-column__item" style="height: 44px;">山东省</li>
            <li role="button" tabindex="0" class="van-ellipsis van-picker-column__item" style="height: 44px;">河南省</li>
            <li role="button" tabindex="0" class="van-ellipsis van-picker-column__item" style="height: 44px;">湖北省</li>
            <li role="button" tabindex="0" class="van-ellipsis van-picker-column__item" style="height: 44px;">湖南省</li>
            <li role="button" tabindex="0" class="van-ellipsis van-picker-column__item" style="height: 44px;">广东省</li>
            <li role="button" tabindex="0" class="van-ellipsis van-picker-column__item" style="height: 44px;">广西壮族自治区</li>
            <li role="button" tabindex="0" class="van-ellipsis van-picker-column__item" style="height: 44px;">海南省</li>
            <li role="button" tabindex="0" class="van-ellipsis van-picker-column__item" style="height: 44px;">重庆市</li>
            <li role="button" tabindex="0" class="van-ellipsis van-picker-column__item" style="height: 44px;">四川省</li>
            <li role="button" tabindex="0" class="van-ellipsis van-picker-column__item" style="height: 44px;">贵州省</li>
            <li role="button" tabindex="0" class="van-ellipsis van-picker-column__item" style="height: 44px;">云南省</li>
            <li role="button" tabindex="0" class="van-ellipsis van-picker-column__item" style="height: 44px;">西藏自治区</li>
            <li role="button" tabindex="0" class="van-ellipsis van-picker-column__item" style="height: 44px;">陕西省</li>
            <li role="button" tabindex="0" class="van-ellipsis van-picker-column__item" style="height: 44px;">甘肃省</li>
            <li role="button" tabindex="0" class="van-ellipsis van-picker-column__item" style="height: 44px;">青海省</li>
            <li role="button" tabindex="0" class="van-ellipsis van-picker-column__item" style="height: 44px;">宁夏回族自治区</li>
            <li role="button" tabindex="0" class="van-ellipsis van-picker-column__item" style="height: 44px;">新疆维吾尔自治区</li>
            <li role="button" tabindex="0" class="van-ellipsis van-picker-column__item" style="height: 44px;">台湾省</li>
            <li role="button" tabindex="0" class="van-ellipsis van-picker-column__item" style="height: 44px;">香港特别行政区</li>
            <li role="button" tabindex="0" class="van-ellipsis van-picker-column__item" style="height: 44px;">澳门特别行政区</li>
            <li role="button" tabindex="0" class="van-ellipsis van-picker-column__item" style="height: 44px;">海外</li>
          </ul>
        </div>
        <div class="van-picker-column">
          <ul class="van-picker-column__wrapper" style="transform: translate3d(0, 88px, 0); transition-duration: 0ms; transition-property: none; line-height: 44px;"></ul>
        </div>
        <div class="van-picker-column">
          <ul class="van-picker-column__wrapper" style="transform: translate3d(0, 88px, 0); transition-duration: 0ms; transition-property: none; line-height: 44px;"></ul>
        </div>
        <div class="van-picker__mask" style="background-size: 100% 88px;"></div>
        <div class="van-hairline-unset--top-bottom van-picker__frame" style="height: 44px;"></div>
      </div>
      <!---->
    </div>
  </div>
</div>
`;
